13:44:09.178 [main] INFO  com.testcases.TC003_SelectProductTest -  <-- Home Page --> 
13:44:10.059 [main] INFO  com.testcases.TC003_SelectProductTest -  <-- Login Page --> 
13:44:11.736 [main] INFO  com.testcases.TC003_SelectProductTest -  <-- Click Tablet Option --> 
13:44:12.764 [main] INFO  com.testcases.TC003_SelectProductTest -  <-- Check Tablet Items --> 
13:44:12.902 [main] INFO  com.testcases.TC003_SelectProductTest - *** FINICH THE <-- TC003_CheckTabletItemsTest --> TEST ***
13:44:27.189 [main] INFO  com.testcases.TC003_SelectProductTest - *** START THE <-- TC003_CheckTabletItemsTest --> TEST ***
13:44:27.189 [main] INFO  com.testcases.TC003_SelectProductTest -  <-- Home Page --> 
13:44:28.270 [main] INFO  com.testcases.TC003_SelectProductTest -  <-- Login Page --> 
13:44:30.411 [main] INFO  com.testcases.TC003_SelectProductTest -  <-- Click Tablet Option --> 
13:44:33.499 [main] INFO  com.testcases.TC003_SelectProductTest -  <-- Check Tablet Items --> 
13:44:33.796 [main] INFO  com.testcases.TC003_SelectProductTest - *** FINICH THE <-- TC003_CheckTabletItemsTest --> TEST ***
13:46:48.704 [main] DEBUG org.testng.TestNG - suiteXmlPath: "D:\Teasting_Network\Project_OpenCart\cross_browsing_testing.xml"
13:46:49.129 [main] INFO  org.testng.internal.Utils - [TestNG] Running:
  D:\Teasting_Network\Project_OpenCart\cross_browsing_testing.xml

13:47:02.077 [TestNG-tests-2] INFO  com.testcases.TC003_SelectProductTest - *** START THE <-- TC003_CheckTabletItemsTest --> TEST ***
13:47:02.078 [TestNG-tests-2] INFO  com.testcases.TC003_SelectProductTest -  <-- Home Page --> 
13:47:02.077 [TestNG-tests-1] INFO  com.testcases.TC003_SelectProductTest - *** START THE <-- TC003_CheckTabletItemsTest --> TEST ***
13:47:02.078 [TestNG-tests-1] INFO  com.testcases.TC003_SelectProductTest -  <-- Home Page --> 
13:50:16.274 [main] DEBUG org.testng.TestNG - suiteXmlPath: "D:\Teasting_Network\Project_OpenCart\master.xml"
13:50:27.093 [main] INFO  com.testcases.TC004_SearchProductTest - *** START THE <-- TC004_SearchItemTest --> TEST ***
13:50:27.093 [main] INFO  com.testcases.TC004_SearchProductTest -  <-- Home Page --> 
13:50:27.944 [main] INFO  com.testcases.TC004_SearchProductTest -  <-- Login Page --> 
13:50:29.810 [main] INFO  com.testcases.TC004_SearchProductTest -  <-- Search Item Option --> 
13:50:31.047 [main] INFO  com.testcases.TC004_SearchProductTest -  <-- Check Search Item --> 
13:50:36.101 [main] INFO  com.testcases.TC004_SearchProductTest - *** FINISH THE <-- TC004_SearchItemTest --> TEST ***
13:56:49.500 [main] DEBUG org.testng.TestNG - suiteXmlPath: "D:\Teasting_Network\Project_OpenCart\master.xml"
13:56:49.898 [main] INFO  org.testng.internal.Utils - [TestNG] Running:
  D:\Teasting_Network\Project_OpenCart\master.xml

13:56:57.681 [main] INFO  com.testcases.TC004_SearchProductTest - *** START THE <-- TC004_SearchItemTest --> TEST ***
13:56:57.682 [main] INFO  com.testcases.TC004_SearchProductTest -  <-- Home Page --> 
13:56:58.565 [main] INFO  com.testcases.TC004_SearchProductTest -  <-- Login Page --> 
13:57:00.250 [main] INFO  com.testcases.TC004_SearchProductTest -  <-- Search Item Option --> 
13:57:01.384 [main] INFO  com.testcases.TC004_SearchProductTest -  <-- Check Search Item --> 
13:57:06.437 [main] INFO  com.testcases.TC004_SearchProductTest - *** FINISH THE <-- TC004_SearchItemTest --> TEST ***
14:05:54.957 [main] DEBUG org.testng.TestNG - suiteXmlPath: "D:\Teasting_Network\Project_OpenCart\cross_browsing_testing.xml"
14:06:11.240 [TestNG-tests-1] INFO  com.testcases.TC001_AccountRegistrationTest - *** START THE <-- TC001_AccountRegistrationTest --> TEST ***
14:06:11.285 [TestNG-tests-1] INFO  com.testcases.TC001_AccountRegistrationTest - Click on 'MyAccount' link..
14:06:17.491 [TestNG-tests-2] INFO  com.testcases.TC001_AccountRegistrationTest - *** START THE <-- TC001_AccountRegistrationTest --> TEST ***
14:06:17.492 [TestNG-tests-2] INFO  com.testcases.TC001_AccountRegistrationTest - Click on 'MyAccount' link..
14:06:17.527 [TestNG-tests-3] INFO  com.testcases.TC001_AccountRegistrationTest - *** START THE <-- TC001_AccountRegistrationTest --> TEST ***
14:06:17.529 [TestNG-tests-3] INFO  com.testcases.TC001_AccountRegistrationTest - Click on 'MyAccount' link..
14:06:17.832 [TestNG-tests-2] INFO  com.testcases.TC001_AccountRegistrationTest - Click on 'Register' link..
14:06:18.055 [TestNG-tests-1] INFO  com.testcases.TC001_AccountRegistrationTest - Click on 'Register' link..
14:06:18.283 [TestNG-tests-3] INFO  com.testcases.TC001_AccountRegistrationTest - Click on 'Register' link..
14:06:21.397 [TestNG-tests-1] INFO  com.testcases.TC001_AccountRegistrationTest - Fill the all user required details here...
14:08:09.187 [main] DEBUG org.testng.TestNG - suiteXmlPath: "D:\Teasting_Network\Project_OpenCart\grouping.xml"
14:08:21.867 [main] INFO  com.testcases.TC001_AccountRegistrationTest - *** START THE <-- TC001_AccountRegistrationTest --> TEST ***
14:08:21.929 [main] INFO  com.testcases.TC001_AccountRegistrationTest - Click on 'MyAccount' link..
